
> mr_gym@0.1.0 build
> next build

Ôû▓ Next.js 16.1.4 (Turbopack)
- Environments: .env.production, .env

node.exe : ÔÜá The "middleware" file 
convention is deprecated. Please use "proxy" 
instead. Learn more: https://nextjs.org/docs/me
ssages/middleware-to-proxy
En línea: 1 Carácter: 1
+ & "C:\Program Files\nodejs/node.exe" 
"C:\Program Files\nodejs/node_mo ...
+ ~~~~~~~~~~~~~~~~~~~~~~~~~~~~~~~~~~~~~~~~~~~~~
~~~~~~~~~~~~~~~~~~~~~~~~
    + CategoryInfo          : NotSpecified: (Ô 
   Üá The "middle...leware-to-proxy:String) [  
  ], RemoteException
    + FullyQualifiedErrorId : NativeCommandErr 
   or
 
  Creating an optimized production build ...
/*! ­ƒî╝ daisyUI 5.5.14 */
Found 1 warning while optimizing generated CSS:

[2mÔöé }[22m
[2mÔöé @layer base {[22m
[2mÔöé[22m   @property --radialprogress {
[2mÔöå[22m            [33m[2m^--[22m 
Unknown at rule: @property[39m
[2mÔöå[22m
[2mÔöé     syntax: "<percentage>";[22m
[2mÔöé     inherits: true;[22m

Ô£ô Compiled successfully in 12.6s
  Running TypeScript ...
Failed to compile.

./src/app/admin/scanner/page.tsx:138:25
Type error: Object literal may only specify 
known properties, and 'vibrate' does not exist 
in type 'NotificationOptions'.

[0m [90m 136 |[39m                         
icon[33m:[39m validation[33m.[39msocio[33m
?[39m[33m.[39mfoto [33m||[39m 
[32m'/icon.png'[39m[33m,[39m
 [90m 137 |[39m                         
silent[33m:[39m [36mfalse[39m[33m,[39m
[31m[1m>[22m[39m[90m 138 |[39m           
              vibrate[33m:[39m 
[[35m200[39m[33m,[39m 
[35m100[39m[33m,[39m [35m200[39m]
 [90m     |[39m                         
[31m[1m^[22m[39m
 [90m 139 |[39m                     })
 [90m 140 |[39m                 })
 [90m 141 |[39m             }[0m
Next.js build worker exited with code: 1 and 
signal: null
