
> mr_gym@0.1.0 build
> next build

Ôû▓ Next.js 16.1.4 (Turbopack)
- Environments: .env

node.exe : ÔÜá The 
"middleware" file 
convention is 
deprecated. Please 
use "proxy" instead. 
Learn more: https://ne
xtjs.org/docs/messages
/middleware-to-proxy
En línea: 1 Carácter: 
1
+ & "C:\Program Files\
nodejs/node.exe" 
"C:\Program 
Files\nodejs/node_mo 
...
+ ~~~~~~~~~~~~~~~~~~~~
~~~~~~~~~~~~~~~~~~~~~~
~~~~~~~~~~~~~~~~~~~~~~
~~~~~
    + CategoryInfo    
          : NotSpeci  
  fied: (ÔÜá The "m   
 iddle...leware-to    
-proxy:String) []    
, RemoteException
    + FullyQualifiedE 
   rrorId : NativeCo  
  mmandError
 
  Creating an optimized production build ...
/*! ­ƒî╝ daisyUI 5.5.14 */
Found 1 warning while 
optimizing generated 
CSS:

[2mÔöé }[22m
[2mÔöé @layer base 
{[22m
[2mÔöé[22m   
@property 
--radialprogress {
[2mÔöå[22m          
  [33m[2m^--[22m 
Unknown at rule: 
@property[39m
[2mÔöå[22m
[2mÔöé     syntax: 
"<percentage>";[22m
[2mÔöé     inherits: 
true;[22m

Ô£ô Compiled successfully in 16.0s
  Running TypeScript ...
  Collecting page data using 7 workers ...
  Generating static pages using 7 workers (0/5) ...
  Generating static pages using 7 workers (1/5) 
  Generating static pages using 7 workers (2/5) 
  Generating static pages using 7 workers (3/5) 
Ô£ô Generating static pages using 7 workers (5/5) in 501.1ms
  Finalizing page optimization ...

Route (app)
Ôöî ãÆ /
Ôö£ Ôùï /_not-found
Ôö£ ãÆ /api/auth/[...nextauth]
Ôö£ Ôùï /login
Ôö£ ãÆ /socios
Ôö£ ãÆ /socios/[id]
Ôö£ ãÆ /socios/[id]/editar
Ôö£ Ôùï /socios/importar
Ôöö ãÆ /socios/nuevo


ãÆ Proxy (Middleware)

Ôùï  (Static)   prerendered as static content
ãÆ  (Dynamic)  server-rendered on demand

